-- The CXX compiler identification is GNU 14.2.0
-- Detecting CXX compiler ABI info
-- Detecting CXX compiler ABI info - done
-- Check for working CXX compiler: /usr/bin/c++ - skipped
-- Detecting CXX compile features
-- Detecting CXX compile features - done
-- Performing Test CMAKE_HAVE_LIBC_PTHREAD
-- Performing Test CMAKE_HAVE_LIBC_PTHREAD - Success
-- Found Threads: TRUE
-- Found Python3: /opt/pyvenv/bin/python3 (found version "3.13.5") found components: Interpreter
-- Configuring done (4.6s)
-- Generating done (0.0s)
-- Build files have been written to: /mnt/data/krunker-zero-windows-rebuild-final/build/standalone
[  7%] Building CXX object CMakeFiles/zero_platform.dir/native/platform.cc.o
[ 14%] Building CXX object CMakeFiles/zero_scheduler.dir/native/task_queue.cc.o
/mnt/data/krunker-zero-windows-rebuild-final/native/platform.cc: In function ‘std::filesystem::__cxx11::path zero::platform::PathFromUtf8(std::string_view)’:
/mnt/data/krunker-zero-windows-rebuild-final/native/platform.cc:13:33: warning: ‘std::filesystem::__cxx11::path std::filesystem::__cxx11::u8path(_InputIterator, _InputIterator) [with _InputIterator = const char*; _Require = path; _CharT = char]’ is deprecated: use 'path(u8string(first, last))' instead [-Wdeprecated-declarations]
   13 |   return std::filesystem::u8path(text.begin(), text.end());
      |          ~~~~~~~~~~~~~~~~~~~~~~~^~~~~~~~~~~~~~~~~~~~~~~~~~
In file included from /usr/include/c++/14/filesystem:52,
                 from /mnt/data/krunker-zero-windows-rebuild-final/native/platform.h:2,
                 from /mnt/data/krunker-zero-windows-rebuild-final/native/platform.cc:1:
/usr/include/c++/14/bits/fs_path.h:818:5: note: declared here
  818 |     u8path(_InputIterator __first, _InputIterator __last)
      |     ^~~~~~
[ 21%] Linking CXX static library libzero_platform.a
[ 28%] Linking CXX static library libzero_scheduler.a
[ 28%] Built target zero_platform
[ 35%] Building CXX object CMakeFiles/zero_platform_fixture.dir/tests/platform_fixture.cc.o
[ 35%] Built target zero_scheduler
[ 42%] Linking CXX shared library libzero_platform_fixture.so
[ 50%] Building CXX object CMakeFiles/zero_scheduler_tests.dir/tests/task_queue_test.cc.o
[ 50%] Built target zero_platform_fixture
[ 57%] Generating generated/core_prelude.h
[ 64%] Linking CXX executable zero_scheduler_tests
[ 64%] Built target zero_scheduler_tests
[ 71%] Building CXX object CMakeFiles/zero_platform_tests.dir/tests/platform_test.cc.o
[ 78%] Building CXX object CMakeFiles/zero.dir/native/main.cc.o
[ 85%] Linking CXX executable zero_platform_tests
[ 85%] Built target zero_platform_tests
[ 92%] Building CXX object CMakeFiles/zero.dir/native/host.cc.o
[100%] Linking CXX executable zero
[100%] Built target zero
Internal ctest changing into directory: /mnt/data/krunker-zero-windows-rebuild-final/build/standalone
Test project /mnt/data/krunker-zero-windows-rebuild-final/build/standalone
    Start 1: native_scheduler
1/2 Test #1: native_scheduler .................   Passed    0.00 sec
    Start 2: native_platform
2/2 Test #2: native_platform ..................   Passed    0.00 sec

100% tests passed, 0 tests failed out of 2

Total Test time (real) =   0.01 sec
Verified standalone V8 SDK: /mnt/data/krunker-zero-windows-rebuild-final/deps/V8-13.6.233.17-ubuntu-latest-Release
Development build: V8 sandbox and ICU/Intl are disabled upstream.
-- Configuring done (4.4s)
-- Generating done (0.1s)
-- Build files have been written to: /mnt/data/krunker-zero-windows-rebuild-final/build/standalone
[ 12%] Built target zero_scheduler
[ 25%] Built target zero_platform
[ 37%] Built target zero_platform_fixture
[ 50%] Built target zero_scheduler_tests
[ 56%] Generating generated/graphics_prelude.h
[ 68%] Built target zero_platform_tests
[ 75%] Building CXX object CMakeFiles/zero.dir/native/host.cc.o
[ 81%] Building CXX object CMakeFiles/zero.dir/native/main.cc.o
[ 87%] Building CXX object CMakeFiles/zero.dir/native/graphics.cc.o
[ 93%] Linking CXX executable zero
[100%] Built target zero
